// Jest Snapshot v1, https://goo.gl/fbAQLP

exports[`App Component renders lazy components 1`] = `
<div
  className="containt-wrapper"
>
  <div
    className="containt-wrapper"
  >
    <div>
      loading...
    </div>
  </div>
</div>
`;
